12806888
26081711
27743928
30587870
31108967
31558478
31904564
32091504
32305781
32305782
32386519
32386601
32386606
32608093
33410346
34273640
36205551
37642961
3946210
3946216
4351495
7132169
8747386
9999365
27273917
12147661
36453023
32093195
8438366
4651006
31475090
34225466
34182419
32587755
31876289
32093107
35552214
35063280
32193359
4462849
17853377
34324535
30861068
35223047
20732502
32193350
12306918
31552230
31614794
31552324
30321009
29623335
4193142
31663038
12226964
31627414
32523081
33831158
31716691
34182416
35557419
34876285
9820842
34835534
36782114
34182420
7132165
37581685
26081738
26081676
26081680
26081682
26081683
26081733
26081666
26081669
4070922
4566143
26081668
35045299
35045293
31115054
32890912
35827066
35045294
35325909
30925760
35045297
35827071
35742076
37382847
13875350
36111065
35742075
31115051
8562902
15433967
13883538
35742078
36715106
32219347
30859401
18757763
29813751
35450386
34361982
8346621
12037073
7608927
26765315
34956048
27954157
35045301
35742080
13763709
35655933
33478955
32256848
35555899
36505810
4765815
35016539
26081684
26081786
29990772
35079542
30286134
26081708
8747384
26081672
34493242
34586799
30243912
33832358
26081674
26081685
35891466
26081679
26081787
26081681
8747382
34590646
35673881
35387422
36073001
8783355
37612704
30927496
18436984
31538606
6498244
34430976
34430981
5638929
34430945
34430973
29089205
29339755
35830140
26893335
16793905
9737824
13779178
11180689
5638448
18387838
9222545
5638442
9738108
29905238
34430977
2300425
6498975
36188132
18450616
18446019
15923114
30756137
20644016
36703819
5638008
12294386
9737833
29206830
37291459
35573592
9722725
19223486
35573591
35574245
35741864
26081678
31805420
13698721
12628488
24801689
11464400
4474287
12197600
35342931
8747391
17870391
12294370
31124028
12196071
35288903
30763038
35234476
20335771
34931981
29460696
34116154
30009199
11382600
12202760
35386118
31078931
35289215
34613368
12238584
32884523
12237459
29497307
12200524
35289376
27697141
35289280
11187863
12158699
27689254
18675411
33897605
34698655
29299505
12196868
10804455
9439358
32315584
27462240
31711620
35358353
12697153
32511131
8827856
13285666
37445072
5287407
14884813
34492220
11018217
33286705
3851606
34894671
8744871
29061207
25561698
34983357
4189166
8525755
33286051
29061211
30414930
16984740
14118681
26058035
30414927
12590058
32011628
29201367
32011608
31982799
36901708
12110584
32011630
13218193
28800892
29012552
29012556
28712876
37177262
9871905
34386165
26081667
35049970
11510737
36062174
8104898
11738413
31879939
33298897
27916018
7981542
9806390
20082249
12306692
8336059
17412756
30120168
34277035
8826947
12465390
30806363
33301277
34500343
26341148
5011460
29137928
28882533
37112748
36696785
14520758
36107753
32284070
